user-fixed-deposits                mobile  1 score 58 LCP 10336 CLS 0.194 TBT 134  /user/fixed-deposits
user-fixed-deposits                mobile  2 score 65 LCP 10323 CLS 0.107 TBT 98  /user/fixed-deposits
user-fixed-deposits                mobile  3 score 59 LCP 9577 CLS 0.195 TBT 116  /user/fixed-deposits
user-fixed-deposits                desktop 1 score 88 LCP 1906 CLS 0.068 TBT 0  /user/fixed-deposits
user-bond-ipo-online               mobile  1 score 64 LCP 8748 CLS 0.116 TBT 139  /user/bond-ipo-online
user-bond-ipo-online               mobile  2 score 59 LCP 8669 CLS 0.203 TBT 130  /user/bond-ipo-online
user-bond-ipo-online               mobile  3 score 58 LCP 9352 CLS 0.203 TBT 171  /user/bond-ipo-online
user-bond-ipo-online               desktop 1 score 88 LCP 1687 CLS 0.107 TBT 0  /user/bond-ipo-online
user-notifications mobile 1 FAILED Runtime error encountered: Lighthouse was unable to reliably load the page you requested. Make sure you are testing the correct URL and that the server is properly responding to all requests. (Status code: 502)
user-notifications mobile 2 FAILED Runtime error encountered: Lighthouse was unable to reliably load the page you requested. Make sure you are testing the correct URL and that the server is properly responding to all requests. (Status code: 502)
user-notifications mobile 3 FAILED Runtime error encountered: Lighthouse was unable to reliably load the page you requested. Make sure you are testing the correct URL and that the server is properly responding to all requests. (Status code: 502)
user-notifications                 desktop 1 score 76 LCP 2257 CLS 0.097 TBT 0  /user/notifications
profile                            mobile  1 score 76 LCP 4195 CLS 0.104 TBT 198  /profile
profile                            mobile  2 score 82 LCP 3206 CLS 0.104 TBT 63  /profile
profile                            mobile  3 score 86 LCP 3062 CLS 0.105 TBT 42  /profile
profile                            desktop 1 score 80 LCP 1854 CLS 0.234 TBT 0  /profile
profile-orders                     mobile  1 score 69 LCP 4099 CLS 0.276 TBT 38  /profile/orders
profile-orders                     mobile  2 score 74 LCP 3361 CLS 0.276 TBT 66  /profile/orders
profile-orders                     mobile  3 score 74 LCP 3363 CLS 0.276 TBT 71  /profile/orders
profile-orders                     desktop 1 score 93 LCP 1224 CLS 0.100 TBT 0  /profile/orders
user-corporate-bonds               mobile  1 score 57 LCP 12156 CLS 0.087 TBT 353  /user/corporate-bonds
user-corporate-bonds               mobile  2 score 66 LCP 11167 CLS 0.087 TBT 148  /user/corporate-bonds
user-corporate-bonds               mobile  3 score 63 LCP 12826 CLS 0.088 TBT 224  /user/corporate-bonds
user-corporate-bonds               desktop 1 score 83 LCP 2775 CLS 0.034 TBT 0  /user/corporate-bonds
portfolio                          mobile  1 score 90 LCP 2992 CLS 0.004 TBT 190  /portfolio
portfolio                          mobile  2 score 90 LCP 2921 CLS 0.004 TBT 191  /portfolio
portfolio                          mobile  3 score 92 LCP 2622 CLS 0.004 TBT 187  /portfolio
portfolio                          desktop 1 score 98 LCP 1049 CLS 0.003 TBT 0  /portfolio
user-notifications                 mobile  1 score 67 LCP 10347 CLS 0.103 TBT 101  /user/notifications
user-notifications                 mobile  2 score 67 LCP 10186 CLS 0.104 TBT 98  /user/notifications
user-notifications                 mobile  3 score 71 LCP 9501 CLS 0.003 TBT 77  /user/notifications
