signup                             mobile  1 score 78 LCP 5097 CLS 0.000 TBT 146  /signup
signup                             mobile  2 score 79 LCP 5058 CLS 0.000 TBT 123  /signup
signup                             mobile  3 score 92 LCP 2570 CLS 0.001 TBT 177  /signup
signup                             desktop 1 score 99 LCP 957 CLS 0.000 TBT 0  /signup
corporate-bonds                    mobile  1 score 67 LCP 11049 CLS 0.087 TBT 102  /corporate-bonds
corporate-bonds                    mobile  2 score 69 LCP 7731 CLS 0.087 TBT 53  /corporate-bonds
corporate-bonds                    mobile  3 score 69 LCP 8095 CLS 0.087 TBT 42  /corporate-bonds
corporate-bonds                    desktop 1 score 92 LCP 1560 CLS 0.068 TBT 0  /corporate-bonds
fixed-deposits                     mobile  1 score 66 LCP 22627 CLS 0.087 TBT 101  /fixed-deposits
fixed-deposits                     mobile  2 score 67 LCP 8289 CLS 0.087 TBT 73  /fixed-deposits
fixed-deposits                     mobile  3 score 67 LCP 8646 CLS 0.087 TBT 74  /fixed-deposits
fixed-deposits                     desktop 1 score 85 LCP 1961 CLS 0.070 TBT 0  /fixed-deposits
bond-ipo-online                    mobile  1 score 65 LCP 10272 CLS 0.087 TBT 172  /bond-ipo-online
bond-ipo-online                    mobile  2 score 69 LCP 7486 CLS 0.087 TBT 69  /bond-ipo-online
bond-ipo-online                    mobile  3 score 70 LCP 7568 CLS 0.087 TBT 61  /bond-ipo-online
bond-ipo-online                    desktop 1 score 90 LCP 1886 CLS 0.040 TBT 0  /bond-ipo-online
bond-utsav                         mobile  1 score 65 LCP 12587 CLS 0.087 TBT 87  /bond-utsav
bond-utsav                         mobile  2 score 62 LCP 10947 CLS 0.087 TBT 88  /bond-utsav
bond-utsav                         mobile  3 score 66 LCP 12745 CLS 0.087 TBT 43  /bond-utsav
bond-utsav                         desktop 1 score 79 LCP 2816 CLS 0.040 TBT 0  /bond-utsav
refer-and-earn                     mobile  1 score 71 LCP 6807 CLS 0.087 TBT 74  /refer-and-earn
refer-and-earn                     mobile  2 score 69 LCP 6907 CLS 0.087 TBT 130  /refer-and-earn
refer-and-earn                     mobile  3 score 70 LCP 6579 CLS 0.087 TBT 126  /refer-and-earn
refer-and-earn                     desktop 1 score 96 LCP 1271 CLS 0.040 TBT 0  /refer-and-earn
list-view                          mobile  1 score 70 LCP 6915 CLS 0.087 TBT 123  /investment-options/list-view
list-view                          mobile  2 score 75 LCP 3682 CLS 0.087 TBT 100  /investment-options/list-view
list-view                          mobile  3 score 70 LCP 6752 CLS 0.087 TBT 128  /investment-options/list-view
list-view                          desktop 1 score 93 LCP 1687 CLS 0.034 TBT 0  /investment-options/list-view
collections-all-bonds              mobile  1 score 70 LCP 6737 CLS 0.087 TBT 49  /collections/all-bonds
collections-all-bonds              mobile  2 score 66 LCP 14588 CLS 0.087 TBT 112  /collections/all-bonds
collections-all-bonds              mobile  3 score 66 LCP 13074 CLS 0.087 TBT 100  /collections/all-bonds
collections-all-bonds              desktop 1 score 93 LCP 1282 CLS 0.075 TBT 0  /collections/all-bonds
ipo-detail-edelweiss               mobile  1 score 71 LCP 10049 CLS 0.004 TBT 99  /bond-ipo/GPID100778/edelweiss-financial-services-limited?src=preview
ipo-detail-edelweiss               mobile  2 score 71 LCP 10052 CLS 0.004 TBT 100  /bond-ipo/GPID100778/edelweiss-financial-services-limited?src=preview
ipo-detail-edelweiss               mobile  3 score 88 LCP 3009 CLS 0.004 TBT 91  /bond-ipo/GPID100778/edelweiss-financial-services-limited?src=preview
ipo-detail-edelweiss               desktop 1 score 95 LCP 1327 CLS 0.034 TBT 0  /bond-ipo/GPID100778/edelweiss-financial-services-limited?src=preview
faq                                mobile  1 score 70 LCP 6260 CLS 0.091 TBT 51  /faq
faq                                mobile  2 score 68 LCP 6692 CLS 0.091 TBT 71  /faq
faq                                mobile  3 score 70 LCP 6345 CLS 0.091 TBT 105  /faq
faq                                desktop 1 score 95 LCP 1270 CLS 0.035 TBT 0  /faq
about-us                           mobile  1 score 72 LCP 6492 CLS 0.088 TBT 91  /about-us
about-us                           mobile  2 score 71 LCP 6395 CLS 0.088 TBT 137  /about-us
about-us                           mobile  3 score 72 LCP 6434 CLS 0.088 TBT 120  /about-us
about-us                           desktop 1 score 97 LCP 1183 CLS 0.036 TBT 0  /about-us
contact-us                         mobile  1 score 71 LCP 6393 CLS 0.087 TBT 56  /contact-us
contact-us                         mobile  2 score 69 LCP 6448 CLS 0.087 TBT 120  /contact-us
contact-us                         mobile  3 score 69 LCP 6382 CLS 0.087 TBT 132  /contact-us
contact-us                         desktop 1 score 90 LCP 1418 CLS 0.034 TBT 0  /contact-us
careers                            mobile  1 score 71 LCP 7789 CLS 0.087 TBT 91  /careers
careers                            mobile  2 score 67 LCP 7644 CLS 0.087 TBT 222  /careers
careers                            mobile  3 score 70 LCP 7787 CLS 0.087 TBT 104  /careers
careers                            desktop 1 score 95 LCP 1422 CLS 0.034 TBT 0  /careers
media                              mobile  1 score 75 LCP 5207 CLS 0.087 TBT 104  /media
media                              mobile  2 score 90 LCP 2657 CLS 0.088 TBT 118  /media
media                              mobile  3 score 90 LCP 2679 CLS 0.088 TBT 131  /media
media                              desktop 1 score 95 LCP 1296 CLS 0.035 TBT 5  /media
privacy-policy                     mobile  1 score 72 LCP 6357 CLS 0.087 TBT 133  /privacy-policy
privacy-policy                     mobile  2 score 71 LCP 6368 CLS 0.087 TBT 146  /privacy-policy
privacy-policy                     mobile  3 score 74 LCP 6426 CLS 0.004 TBT 72  /privacy-policy
privacy-policy                     desktop 1 score 97 LCP 1213 CLS 0.034 TBT 0  /privacy-policy
terms-and-conditions               mobile  1 score 71 LCP 6360 CLS 0.087 TBT 183  /terms-and-conditions
terms-and-conditions               mobile  2 score 72 LCP 6357 CLS 0.087 TBT 123  /terms-and-conditions
terms-and-conditions               mobile  3 score 73 LCP 6372 CLS 0.087 TBT 102  /terms-and-conditions
terms-and-conditions               desktop 1 score 98 LCP 1152 CLS 0.034 TBT 0  /terms-and-conditions
sovereign-gold-bond                mobile  1 score 69 LCP 13609 CLS 0.087 TBT 94  /sovereign-gold-bond
sovereign-gold-bond                mobile  2 score 69 LCP 6839 CLS 0.087 TBT 127  /sovereign-gold-bond
sovereign-gold-bond                mobile  3 score 69 LCP 8713 CLS 0.087 TBT 68  /sovereign-gold-bond
sovereign-gold-bond                desktop 1 score 94 LCP 1401 CLS 0.040 TBT 0  /sovereign-gold-bond
government-securities              mobile  1 score 68 LCP 10679 CLS 0.087 TBT 77  /government-securities
government-securities              mobile  2 score 70 LCP 8202 CLS 0.004 TBT 105  /government-securities
government-securities              mobile  3 score 67 LCP 8670 CLS 0.087 TBT 110  /government-securities
government-securities              desktop 1 score 88 LCP 2003 CLS 0.040 TBT 0  /government-securities
bond-better-return-fds             mobile  1 score 69 LCP 9018 CLS 0.087 TBT 99  /bond-better-return-fds
bond-better-return-fds             mobile  2 score 69 LCP 9084 CLS 0.087 TBT 114  /bond-better-return-fds
bond-better-return-fds             mobile  3 score 68 LCP 6548 CLS 0.087 TBT 203  /bond-better-return-fds
bond-better-return-fds             desktop 1 score 92 LCP 1655 CLS 0.040 TBT 0  /bond-better-return-fds
invest-in-bonds                    mobile  1 score 92 LCP 2572 CLS 0.003 TBT 184  /invest-in-bonds
invest-in-bonds                    mobile  2 score 93 LCP 2565 CLS 0.004 TBT 168  /invest-in-bonds
invest-in-bonds                    mobile  3 score 79 LCP 5026 CLS 0.004 TBT 138  /invest-in-bonds
invest-in-bonds                    desktop 1 score 97 LCP 1178 CLS 0.003 TBT 0  /invest-in-bonds
issuer-akara                       mobile  1 score 69 LCP 9372 CLS 0.087 TBT 63  /issuers/akara-capital-advisors-private-limited
issuer-akara                       mobile  2 score 70 LCP 6908 CLS 0.087 TBT 63  /issuers/akara-capital-advisors-private-limited
issuer-akara                       mobile  3 score 67 LCP 10478 CLS 0.087 TBT 66  /issuers/akara-capital-advisors-private-limited
issuer-akara                       desktop 1 score 84 LCP 2746 CLS 0.034 TBT 0  /issuers/akara-capital-advisors-private-limited
collections-highly-rated           mobile  1 score 65 LCP 11629 CLS 0.087 TBT 70  /collections/highly-rated
collections-highly-rated           mobile  2 score 65 LCP 13035 CLS 0.087 TBT 115  /collections/highly-rated
collections-highly-rated           mobile  3 score 66 LCP 11243 CLS 0.087 TBT 144  /collections/highly-rated
collections-highly-rated           desktop 1 score 96 LCP 1009 CLS 0.041 TBT 0  /collections/highly-rated
collections-high-returns           mobile  1 score 67 LCP 8942 CLS 0.087 TBT 50  /collections/high-returns
collections-high-returns           mobile  2 score 69 LCP 7033 CLS 0.087 TBT 99  /collections/high-returns
collections-high-returns           mobile  3 score 67 LCP 11564 CLS 0.087 TBT 123  /collections/high-returns
collections-high-returns           desktop 1 score 88 LCP 2023 CLS 0.041 TBT 0  /collections/high-returns
collections-short-term             mobile  1 score 69 LCP 8245 CLS 0.003 TBT 57  /collections/short-term
collections-short-term             mobile  2 score 65 LCP 11283 CLS 0.087 TBT 127  /collections/short-term
collections-short-term             mobile  3 score 67 LCP 11050 CLS 0.087 TBT 126  /collections/short-term
collections-short-term             desktop 1 score 75 LCP 5654 CLS 0.040 TBT 0  /collections/short-term
collections-gold-backed            mobile  1 score 67 LCP 9202 CLS 0.087 TBT 64  /collections/gold-backed
collections-gold-backed            mobile  2 score 69 LCP 9581 CLS 0.087 TBT 61  /collections/gold-backed
collections-gold-backed            mobile  3 score 65 LCP 7449 CLS 0.087 TBT 211  /collections/gold-backed
collections-gold-backed            desktop 1 score 76 LCP 4965 CLS 0.040 TBT 0  /collections/gold-backed
collections-ncd-ipo                mobile  1 score 73 LCP 5313 CLS 0.087 TBT 60  /collections/ncd-ipo
collections-ncd-ipo                mobile  2 score 67 LCP 10664 CLS 0.087 TBT 127  /collections/ncd-ipo
collections-ncd-ipo                mobile  3 score 68 LCP 7825 CLS 0.087 TBT 42  /collections/ncd-ipo
collections-ncd-ipo                desktop 1 score 88 LCP 2034 CLS 0.040 TBT 0  /collections/ncd-ipo
collections-starts-10k             mobile  1 score 68 LCP 11989 CLS 0.087 TBT 108  /collections/starts-10k
collections-starts-10k             mobile  2 score 68 LCP 11290 CLS 0.087 TBT 101  /collections/starts-10k
collections-starts-10k             mobile  3 score 68 LCP 12880 CLS 0.087 TBT 119  /collections/starts-10k
collections-starts-10k             desktop 1 score 75 LCP 5353 CLS 0.040 TBT 0  /collections/starts-10k
collections-government-bonds       mobile  1 score 70 LCP 4116 CLS 0.087 TBT 90  /collections/government-bonds
collections-government-bonds       mobile  2 score 67 LCP 21290 CLS 0.087 TBT 128  /collections/government-bonds
collections-government-bonds       mobile  3 score 67 LCP 20278 CLS 0.087 TBT 116  /collections/government-bonds
collections-government-bonds       desktop 1 score 95 LCP 1278 CLS 0.041 TBT 0  /collections/government-bonds
collections-monthly-payout         mobile  1 score 69 LCP 6842 CLS 0.087 TBT 74  /collections/monthly-payout
collections-monthly-payout         mobile  2 score 68 LCP 9664 CLS 0.087 TBT 49  /collections/monthly-payout
collections-monthly-payout         mobile  3 score 68 LCP 7964 CLS 0.087 TBT 107  /collections/monthly-payout
collections-monthly-payout         desktop 1 score 77 LCP 4403 CLS 0.040 TBT 0  /collections/monthly-payout
collections-tax-free-bonds         mobile  1 score 82 LCP 3652 CLS 0.087 TBT 122  /collections/tax-free-bonds
collections-tax-free-bonds         mobile  2 score 68 LCP 16018 CLS 0.087 TBT 57  /collections/tax-free-bonds
collections-tax-free-bonds         mobile  3 score 68 LCP 12049 CLS 0.087 TBT 108  /collections/tax-free-bonds
collections-tax-free-bonds         desktop 1 score 97 LCP 938 CLS 0.041 TBT 0  /collections/tax-free-bonds
collections-public-sector-bank-bonds mobile  1 score 68 LCP 9070 CLS 0.087 TBT 34  /collections/public-sector-bank-bonds
collections-public-sector-bank-bonds mobile  2 score 72 LCP 5344 CLS 0.087 TBT 62  /collections/public-sector-bank-bonds
collections-public-sector-bank-bonds mobile  3 score 67 LCP 11153 CLS 0.087 TBT 123  /collections/public-sector-bank-bonds
collections-public-sector-bank-bonds desktop 1 score 74 LCP 4377 CLS 0.102 TBT 0  /collections/public-sector-bank-bonds
